******************************************************************************
                  TI ARM Linker PC v20.2.5                     
******************************************************************************
>> Linked Tue Aug  2 13:20:42 2022

OUTPUT FILE NAME:   <LED.out>
ENTRY POINT SYMBOL: "_c_int00"  address: 0000cb18


MEMORY CONFIGURATION

         name            origin    length      used     unused   attr    fill
----------------------  --------  ---------  --------  --------  ----  --------
  VECTORS               00000000   00000020  00000020  00000000     X
  KERNEL                00000020   00008000  00003810  000047f0  R  X
  FLASH0                00008020   001f7fe0  00005874  001f276c  R  X
  FLASH1                00200000   00200000  00000000  00200000  R  X
  STACKS                08000000   00000800  00000000  00000800  RW  
  KRAM                  08000800   00000800  00000104  000006fc  RW  
  RAM                   08001000   0007f000  00002020  0007cfe0  RW  


SEGMENT ALLOCATION MAP

run origin  load origin   length   init length attrs members
----------  ----------- ---------- ----------- ----- -------
00000000    00000000    00003830   00003830    r-x
  00000000    00000000    00000020   00000020    r-x .intvecs
  00000020    00000020    000037c0   000037c0    r-x .kernelTEXT
  000037e0    000037e0    00000050   00000050    r-- .cinit
00008020    00008020    00004ef4   00004ef4    r-x
  00008020    00008020    00004ef4   00004ef4    r-x .text
0000cf20    0000cf20    00000980   00000980    r--
  0000cf20    0000cf20    00000980   00000980    r-- .const
08000800    08000800    00000104   00000000    rw-
  08000800    08000800    00000104   00000000    rw- .kernelBSS
08001000    08001000    00002020   00000000    rw-
  08001000    08001000    00002000   00000000    rw- .kernelHEAP
  08003000    08003000    00000018   00000000    rw- .data
  08003018    08003018    00000008   00000000    rw- .bss


SECTION ALLOCATION MAP

 output                                  attributes/
section   page    origin      length       input sections
--------  ----  ----------  ----------   ----------------
.intvecs   0    00000000    00000020     
                  00000000    00000020     HL_sys_intvecs.obj (.intvecs)

.kernelTEXT 
*          0    00000020    000037c0     
                  00000020    00002bb8     os_tasks.obj (.kernelTEXT)
                  00002bd8    000004b0     os_portasm.obj (.kernelTEXT)
                  00003088    000003dc     os_port.obj (.kernelTEXT)
                  00003464    0000037c     os_heap.obj (.kernelTEXT)

.cinit     0    000037e0    00000050     
                  000037e0    0000000c     (__TI_handler_table)
                  000037ec    0000000b     (.cinit..data.load) [load image, compression = lzss]
                  000037f7    00000009     (.cinit..kernelBSS.load) [load image, compression = lzss]
                  00003800    00000008     (.cinit..bss.load) [load image, compression = zero_init]
                  00003808    00000008     (.cinit..kernelHEAP.load) [load image, compression = zero_init]
                  00003810    00000020     (__TI_cinit_table)

.text      0    00008020    00004ef4     
                  00008020    00000bd0     HL_het.obj (.text)
                  00008bf0    000009c0     HL_pinmux.obj (.text)
                  000095b0    00000998     HL_system.obj (.text)
                  00009f48    0000093c     HL_sys_vim.obj (.text)
                  0000a884    0000078c     HL_esm.obj (.text)
                  0000b010    00000664     HL_errata_SSWF021_45.obj (.text)
                  0000b674    000003c4     HL_sys_core.obj (.text)
                  0000ba38    0000036c     HL_sys_mpu.obj (.text)
                  0000bda4    0000033c     HL_sys_vim.obj (.text:retain)
                  0000c0e0    00000278     os_heap.obj (.text)
                  0000c358    00000238     os_list.obj (.text)
                  0000c590    00000180     rtsv7R4_A_be_v3D16_eabi.lib : memcpy32.asm.obj (.text)
                  0000c710    00000178     HL_esm.obj (.text:retain)
                  0000c888    00000158     os_tasks.obj (.text)
                  0000c9e0    00000138     os_port.obj (.text)
                  0000cb18    000000d8     HL_sys_startup.obj (.text:retain)
                  0000cbf0    000000b4     HL_notification.obj (.text)
                  0000cca4    000000b0     rtsv7R4_A_be_v3D16_eabi.lib : memset32.asm.obj (.text)
                  0000cd54    00000090                                 : copy_decompress_lzss.c.obj (.text:decompress:lzss:__TI_decompress_lzss)
                  0000cde4    00000068                                 : autoinit.c.obj (.text:__TI_auto_init_nobinit_nopinit:__TI_auto_init_nobinit_nopinit)
                  0000ce4c    00000050                                 : u_div32.asm.obj (.text)
                  0000ce9c    00000020     HL_sys_main.obj (.text)
                  0000cebc    00000020     rtsv7R4_A_be_v3D16_eabi.lib : strlen.c.obj (.text:strlen)
                  0000cedc    00000014                                 : copy_decompress_none.c.obj (.text:decompress:none:__TI_decompress_none)
                  0000cef0    00000010                                 : copy_zero_init.c.obj (.text:decompress:ZI:__TI_zero_init)
                  0000cf00    00000008                                 : exit.c.obj (.text:abort:abort)
                  0000cf08    00000004     HL_sys_startup.obj (.text)
                  0000cf0c    00000004     HL_sys_phantom.obj (.text:retain)
                  0000cf10    00000004     rtsv7R4_A_be_v3D16_eabi.lib : div0.asm.obj (.text)

.const     0    0000cf20    00000980     
                  0000cf20    000003a0     HL_het.obj (.const:het1PROGRAM)
                  0000d2c0    000003a0     HL_het.obj (.const:het2PROGRAM)
                  0000d660    00000200     HL_sys_vim.obj (.const:s_vim_init)
                  0000d860    00000020     HL_het.obj (.const:s_het1pwmPolarity)
                  0000d880    00000020     HL_het.obj (.const:s_het2pwmPolarity)

.kernelBSS 
*          0    08000800    00000104     UNINITIALIZED
                  08000800    000000d0     os_tasks.obj (.kernelBSS:uninit)
                  080008d0    00000034     os_tasks.obj (.kernelBSS:init)

.kernelHEAP 
*          0    08001000    00002000     UNINITIALIZED
                  08001000    00002000     os_heap.obj (.kernelHEAP)

.data      0    08003000    00000018     UNINITIALIZED
                  08003000    00000010     os_heap.obj (.data)
                  08003010    00000008     os_port.obj (.data)

.bss       0    08003018    00000008     UNINITIALIZED
                  08003018    00000008     os_heap.obj (.bss:xStart)

__llvm_prf_cnts 
*          0    08001000    00000000     UNINITIALIZED

MODULE SUMMARY

       Module                       code    ro data   rw data
       ------                       ----    -------   -------
    .\source\
       os_tasks.obj                 11536   0         260    
       os_heap.obj                  1524    0         8216   
       HL_het.obj                   3024    1920      0      
       HL_sys_vim.obj               3192    512       0      
       HL_pinmux.obj                2496    0         0      
       HL_system.obj                2456    0         0      
       HL_esm.obj                   2308    0         0      
       HL_errata_SSWF021_45.obj     1636    0         0      
       os_port.obj                  1300    0         8      
       os_portasm.obj               1200    0         0      
       HL_sys_core.obj              964     0         0      
       HL_sys_mpu.obj               876     0         0      
       os_list.obj                  568     0         0      
       HL_sys_startup.obj           220     0         0      
       HL_notification.obj          180     0         0      
       HL_sys_intvecs.obj           32      0         0      
       HL_sys_main.obj              32      0         0      
       HL_sys_phantom.obj           4       0         0      
    +--+----------------------------+-------+---------+---------+
       Total:                       33548   2432      8484   
                                                             
    C:\ti\ccs1120\ccs\tools\compiler\ti-cgt-arm_20.2.5.LTS\lib\rtsv7R4_A_be_v3D16_eabi.lib
       memcpy32.asm.obj             384     0         0      
       memset32.asm.obj             176     0         0      
       copy_decompress_lzss.c.obj   144     0         0      
       autoinit.c.obj               104     0         0      
       u_div32.asm.obj              80      0         0      
       strlen.c.obj                 32      0         0      
       copy_decompress_none.c.obj   20      0         0      
       copy_zero_init.c.obj         16      0         0      
       exit.c.obj                   8       0         0      
       div0.asm.obj                 4       0         0      
    +--+----------------------------+-------+---------+---------+
       Total:                       968     0         0      
                                                             
       Linker Generated:            0       80        0      
    +--+----------------------------+-------+---------+---------+
       Grand Total:                 34516   2512      8484   


LINKER GENERATED COPY TABLES

__TI_cinit_table @ 00003810 records: 4, size/record: 8, table size: 32
	.data: load addr=000037ec, load size=0000000b bytes, run addr=08003000, run size=00000018 bytes, compression=lzss
	.kernelBSS: load addr=000037f7, load size=00000009 bytes, run addr=08000800, run size=00000104 bytes, compression=lzss
	.bss: load addr=00003800, load size=00000008 bytes, run addr=08003018, run size=00000008 bytes, compression=zero_init
	.kernelHEAP: load addr=00003808, load size=00000008 bytes, run addr=08001000, run size=00002000 bytes, compression=zero_init


LINKER GENERATED HANDLER TABLE

__TI_handler_table @ 000037e0 records: 3, size/record: 4, table size: 12
	index: 0, handler: __TI_decompress_lzss
	index: 1, handler: __TI_decompress_none
	index: 2, handler: __TI_zero_init


GLOBAL SYMBOLS: SORTED ALPHABETICALLY BY Name 

address   name                                
-------   ----                                
0000cf00  C$$EXIT                             
UNDEFED   SHT$$INIT_ARRAY$$Base               
UNDEFED   SHT$$INIT_ARRAY$$Limit              
00003810  __TI_CINIT_Base                     
00003830  __TI_CINIT_Limit                    
000037e0  __TI_Handler_Table_Base             
000037ec  __TI_Handler_Table_Limit            
0000ba30  __TI_PINIT_Base                     
0000ba34  __TI_PINIT_Limit                    
0000cde4  __TI_auto_init_nobinit_nopinit      
0000cd54  __TI_decompress_lzss                
0000cedc  __TI_decompress_none                
ffffffff  __TI_pprof_out_hndl                 
ffffffff  __TI_prof_data_size                 
ffffffff  __TI_prof_data_start                
00000000  __TI_static_base__                  
0000cef0  __TI_zero_init                      
0000cf10  __aeabi_idiv0                       
0000cf10  __aeabi_ldiv0                       
0000cca4  __aeabi_memclr                      
0000cca4  __aeabi_memclr4                     
0000cca4  __aeabi_memclr8                     
0000c590  __aeabi_memcpy                      
0000c590  __aeabi_memcpy4                     
0000c590  __aeabi_memcpy8                     
0000cca8  __aeabi_memset                      
0000cca8  __aeabi_memset4                     
0000cca8  __aeabi_memset8                     
0000ce4c  __aeabi_uidiv                       
0000ce4c  __aeabi_uidivmod                    
ffffffff  __binit__                           
ffffffff  __c_args__                          
08001000  __start___llvm_prf_cnts             
08001000  __stop___llvm_prf_cnts              
0000cb18  _c_int00                            
0000b9e4  _cacheDisable_                      
0000b9a0  _cacheEnable_                       
0000b980  _checkMemInitOn_                    
0000b88c  _coreClearAuxiliaryDataFault_       
0000b8a0  _coreClearAuxiliaryInstructionFault_
0000b864  _coreClearDataFaultAddress_         
0000b83c  _coreClearDataFault_                
0000b878  _coreClearInstructionFaultAddress_  
0000b850  _coreClearInstructionFault_         
0000b814  _coreDisableEventBusExport_         
0000b804  _coreEnableEventBusExport_          
0000b824  _coreEnableIrqVicOffset_            
0000b7ec  _coreEnableVfp_                     
0000b884  _coreGetAuxiliaryDataFault_         
0000b898  _coreGetAuxiliaryInstructionFault_  
0000b85c  _coreGetDataFaultAddress_           
0000b834  _coreGetDataFault_                  
0000b870  _coreGetInstructionFaultAddress_    
0000b848  _coreGetInstructionFault_           
0000b674  _coreInitRegisters_                 
0000b780  _coreInitStackPointer_              
0000ba08  _dCacheInvalidate_                  
0000b8ac  _disable_IRQ_interrupt_             
0000b8b4  _enable_IRQ_interrupt_              
0000b8bc  _enable_interrupt_                  
0000b010  _errata_SSWF021_45_both_plls        
0000b204  _errata_SSWF021_45_pll1             
0000b37c  _errata_SSWF021_45_pll2             
0000b8c4  _esmCcmErrorsClear_                 
0000b7cc  _getCPSRValue_                      
0000b7d4  _gotoCPUIdle_                       
0000ba1c  _iCacheInvalidate_                  
0000b94c  _memInit_                           
0000bd4c  _mpuAreRegionsSeparate_             
0000bd30  _mpuDisableBackgroundRegion_        
0000bd08  _mpuDisable_                        
0000bd20  _mpuEnableBackgroundRegion_         
0000bcf0  _mpuEnable_                         
0000bd40  _mpuGetNumberOfRegions_             
0000bd70  _mpuGetRegionBaseAddress_           
0000bd90  _mpuGetRegionPermission_            
0000bd84  _mpuGetRegionType_                  
0000bd60  _mpuGetRegion_                      
0000ba38  _mpuInit_                           
0000bd68  _mpuSetRegionBaseAddress_           
0000bd9c  _mpuSetRegionSizeRegister_          
0000bd78  _mpuSetRegionTypeAndPermission_     
0000bd58  _mpuSetRegion_                      
UNDEFED   _system_post_cinit                  
0000cf00  abort                               
ffffffff  binit                               
00008738  capGetSignal                        
00009ea0  customTrimLPO                       
0000cc28  dmaGroupANotification               
00001f00  eTaskConfirmSleepModeStatus         
00000888  eTaskGetState                       
000086f8  edgeDisableNotification             
000086bc  edgeEnableNotification              
00008690  edgeGetCounter                      
0000cc68  edgeNotification                    
00008664  edgeResetCounter                    
0000cc90  epcCAMFullNotification              
0000cc94  epcFIFOFullNotification             
0000aa94  esmActivateNormalOperation          
0000abe0  esmClearStatus                      
0000ac44  esmClearStatusBuffer                
0000ac20  esmClearStatusUpper                 
0000aa40  esmDisableError                     
0000aa68  esmDisableErrorUpper                
0000aae8  esmDisableInterrupt                 
0000ab10  esmDisableInterruptUpper            
0000a9fc  esmEnableError                      
0000aa24  esmEnableErrorUpper                 
0000aaa4  esmEnableInterrupt                  
0000aacc  esmEnableInterruptUpper             
0000ad74  esmEnterSelfTest                    
0000a9e0  esmError                            
0000ae4c  esmGetConfigValue                   
0000ac80  esmGetStatus                        
0000ad4c  esmGetStatusBuffer                  
0000ad04  esmGetStatusUpper                   
0000cbf0  esmGroup1Notification               
0000cc04  esmGroup2Notification               
0000cc18  esmGroup3Notification               
0000c710  esmHighInterrupt                    
0000a884  esmInit                             
0000adfc  esmSelfTestStatus                   
0000ac60  esmSetCounterPreloadValue           
0000ab2c  esmSetInterruptLevel                
0000aba0  esmSetInterruptLevelUpper           
0000aa84  esmTriggerErrorPinReset             
00009948  getResetSource                      
0000cc3c  gioNotification                     
0000cf08  handlePLLLockFail                   
00008844  het1GetConfigValue                  
000089d4  het2GetConfigValue                  
0000882c  hetGetTimestamp                     
00008020  hetInit                             
0000cc7c  hetNotification                     
00008810  hetResetTimestamp                   
0000ce9c  main                                
00009778  mapClocks                           
0000c590  memcpy                              
0000ccb4  memset                              
00008bf0  muxInit                             
00001344  pcTaskGetName                       
000096c4  periphInit                          
0000cf0c  phantomInterrupt                    
00003060  prvMpuDisable                       
00003048  prvMpuEnable                        
00003030  prvMpuSetRegion                     
00003464  pvPortMalloc                        
00001fe0  pvTaskGetThreadLocalStoragePointer  
00008634  pwmDisableNotification              
000085ec  pwmEnableNotification               
0000850c  pwmGetSignal                        
0000cc50  pwmNotification                     
0000820c  pwmSetDuty                          
0000835c  pwmSetSignal                        
000081a4  pwmStart                            
000081d8  pwmStop                             
080008d0  pxCurrentTCB                        
00003088  pxPortInitialiseStack               
00000000  resetEntry                          
00009684  setupFlash                          
000095b0  setupPLL                            
0000cebc  strlen                              
00009a70  systemGetConfigValue                
000098a4  systemInit                          
00009918  systemPowerDown                     
00009610  trimLPO                             
08003010  ulCriticalNesting                   
00002f58  ulPortCountLeadingZeros             
08003014  ulTaskHasFPUContext                 
00002378  ulTaskNotifyTake                    
0000c504  uxListRemove                        
00001338  uxTaskGetNumberOfTasks              
00002224  uxTaskGetStackHighWaterMark         
0000098c  uxTaskPriorityGet                   
000009d0  uxTaskPriorityGetFromISR            
0000233c  uxTaskResetEventItemValue           
0000c358  vListInitialise                     
0000c3b0  vListInitialiseItem                 
0000c440  vListInsert                         
0000c3cc  vListInsertEnd                      
00003430  vPortEndScheduler                   
000036b8  vPortFree                           
000037c8  vPortInitialiseBlocks               
00002f4c  vPortInitialiseFPSCR                
00002e4c  vPortPreemptiveTick                 
00002f60  vPortSWI                            
00002bdc  vPortStartFirstTask                 
0000319c  vPortStoreTaskMPUSettings           
00002d58  vPortYeildWithinAPI                 
00002c6c  vPortYieldProcessor                 
0000204c  vTaskAllocateMPURegions             
00000804  vTaskDelay                          
00000698  vTaskDelayUntil                     
00000530  vTaskDelete                         
00001074  vTaskEndScheduler                   
00001ef0  vTaskMissedYield                    
00002930  vTaskNotifyGiveFromISR              
00001ab8  vTaskPlaceOnEventList               
00001afc  vTaskPlaceOnUnorderedEventList      
00000a18  vTaskPrioritySet                    
00000e14  vTaskResume                         
00001f7c  vTaskSetThreadLocalStoragePointer   
00001d74  vTaskSetTimeOutState                
00000fdc  vTaskStartScheduler                 
00001658  vTaskStepTick                       
00000c10  vTaskSuspend                        
00001090  vTaskSuspendAll                     
000019d8  vTaskSwitchContext                  
0000a01c  vimChannelMap                       
0000a288  vimDisableInterrupt                 
0000bda4  vimECCErrorHandler                  
0000a0c0  vimEnableInterrupt                  
0000a334  vimGetConfigValue                   
00009f48  vimInit                             
000037b0  xPortGetFreeHeapSize                
000037bc  xPortGetMinimumEverFreeHeapSize     
00003410  xPortStartScheduler                 
000016b4  xTaskAbortDelay                     
00001db8  xTaskCheckForTimeOut                
000000fc  xTaskCreate                         
00000020  xTaskCreateRestricted               
00002560  xTaskGenericNotify                  
00002730  xTaskGenericNotifyFromISR           
00001518  xTaskGetHandle                      
00001620  xTaskGetIdleTaskHandle              
000022ec  xTaskGetSchedulerState              
000012f8  xTaskGetTickCount                   
00001314  xTaskGetTickCountFromISR            
000017b0  xTaskIncrementTick                  
0000c964  xTaskNotifyStateClear               
0000244c  xTaskNotifyWait                     
00001b80  xTaskRemoveFromEventList            
00001c70  xTaskRemoveFromUnorderedEventList   
00001148  xTaskResumeAll                      
00000ef4  xTaskResumeFromISR                  


GLOBAL SYMBOLS: SORTED BY Symbol Address 

address   name                                
-------   ----                                
00000000  __TI_static_base__                  
00000000  resetEntry                          
00000020  xTaskCreateRestricted               
000000fc  xTaskCreate                         
00000530  vTaskDelete                         
00000698  vTaskDelayUntil                     
00000804  vTaskDelay                          
00000888  eTaskGetState                       
0000098c  uxTaskPriorityGet                   
000009d0  uxTaskPriorityGetFromISR            
00000a18  vTaskPrioritySet                    
00000c10  vTaskSuspend                        
00000e14  vTaskResume                         
00000ef4  xTaskResumeFromISR                  
00000fdc  vTaskStartScheduler                 
00001074  vTaskEndScheduler                   
00001090  vTaskSuspendAll                     
00001148  xTaskResumeAll                      
000012f8  xTaskGetTickCount                   
00001314  xTaskGetTickCountFromISR            
00001338  uxTaskGetNumberOfTasks              
00001344  pcTaskGetName                       
00001518  xTaskGetHandle                      
00001620  xTaskGetIdleTaskHandle              
00001658  vTaskStepTick                       
000016b4  xTaskAbortDelay                     
000017b0  xTaskIncrementTick                  
000019d8  vTaskSwitchContext                  
00001ab8  vTaskPlaceOnEventList               
00001afc  vTaskPlaceOnUnorderedEventList      
00001b80  xTaskRemoveFromEventList            
00001c70  xTaskRemoveFromUnorderedEventList   
00001d74  vTaskSetTimeOutState                
00001db8  xTaskCheckForTimeOut                
00001ef0  vTaskMissedYield                    
00001f00  eTaskConfirmSleepModeStatus         
00001f7c  vTaskSetThreadLocalStoragePointer   
00001fe0  pvTaskGetThreadLocalStoragePointer  
0000204c  vTaskAllocateMPURegions             
00002224  uxTaskGetStackHighWaterMark         
000022ec  xTaskGetSchedulerState              
0000233c  uxTaskResetEventItemValue           
00002378  ulTaskNotifyTake                    
0000244c  xTaskNotifyWait                     
00002560  xTaskGenericNotify                  
00002730  xTaskGenericNotifyFromISR           
00002930  vTaskNotifyGiveFromISR              
00002bdc  vPortStartFirstTask                 
00002c6c  vPortYieldProcessor                 
00002d58  vPortYeildWithinAPI                 
00002e4c  vPortPreemptiveTick                 
00002f4c  vPortInitialiseFPSCR                
00002f58  ulPortCountLeadingZeros             
00002f60  vPortSWI                            
00003030  prvMpuSetRegion                     
00003048  prvMpuEnable                        
00003060  prvMpuDisable                       
00003088  pxPortInitialiseStack               
0000319c  vPortStoreTaskMPUSettings           
00003410  xPortStartScheduler                 
00003430  vPortEndScheduler                   
00003464  pvPortMalloc                        
000036b8  vPortFree                           
000037b0  xPortGetFreeHeapSize                
000037bc  xPortGetMinimumEverFreeHeapSize     
000037c8  vPortInitialiseBlocks               
000037e0  __TI_Handler_Table_Base             
000037ec  __TI_Handler_Table_Limit            
00003810  __TI_CINIT_Base                     
00003830  __TI_CINIT_Limit                    
00008020  hetInit                             
000081a4  pwmStart                            
000081d8  pwmStop                             
0000820c  pwmSetDuty                          
0000835c  pwmSetSignal                        
0000850c  pwmGetSignal                        
000085ec  pwmEnableNotification               
00008634  pwmDisableNotification              
00008664  edgeResetCounter                    
00008690  edgeGetCounter                      
000086bc  edgeEnableNotification              
000086f8  edgeDisableNotification             
00008738  capGetSignal                        
00008810  hetResetTimestamp                   
0000882c  hetGetTimestamp                     
00008844  het1GetConfigValue                  
000089d4  het2GetConfigValue                  
00008bf0  muxInit                             
000095b0  setupPLL                            
00009610  trimLPO                             
00009684  setupFlash                          
000096c4  periphInit                          
00009778  mapClocks                           
000098a4  systemInit                          
00009918  systemPowerDown                     
00009948  getResetSource                      
00009a70  systemGetConfigValue                
00009ea0  customTrimLPO                       
00009f48  vimInit                             
0000a01c  vimChannelMap                       
0000a0c0  vimEnableInterrupt                  
0000a288  vimDisableInterrupt                 
0000a334  vimGetConfigValue                   
0000a884  esmInit                             
0000a9e0  esmError                            
0000a9fc  esmEnableError                      
0000aa24  esmEnableErrorUpper                 
0000aa40  esmDisableError                     
0000aa68  esmDisableErrorUpper                
0000aa84  esmTriggerErrorPinReset             
0000aa94  esmActivateNormalOperation          
0000aaa4  esmEnableInterrupt                  
0000aacc  esmEnableInterruptUpper             
0000aae8  esmDisableInterrupt                 
0000ab10  esmDisableInterruptUpper            
0000ab2c  esmSetInterruptLevel                
0000aba0  esmSetInterruptLevelUpper           
0000abe0  esmClearStatus                      
0000ac20  esmClearStatusUpper                 
0000ac44  esmClearStatusBuffer                
0000ac60  esmSetCounterPreloadValue           
0000ac80  esmGetStatus                        
0000ad04  esmGetStatusUpper                   
0000ad4c  esmGetStatusBuffer                  
0000ad74  esmEnterSelfTest                    
0000adfc  esmSelfTestStatus                   
0000ae4c  esmGetConfigValue                   
0000b010  _errata_SSWF021_45_both_plls        
0000b204  _errata_SSWF021_45_pll1             
0000b37c  _errata_SSWF021_45_pll2             
0000b674  _coreInitRegisters_                 
0000b780  _coreInitStackPointer_              
0000b7cc  _getCPSRValue_                      
0000b7d4  _gotoCPUIdle_                       
0000b7ec  _coreEnableVfp_                     
0000b804  _coreEnableEventBusExport_          
0000b814  _coreDisableEventBusExport_         
0000b824  _coreEnableIrqVicOffset_            
0000b834  _coreGetDataFault_                  
0000b83c  _coreClearDataFault_                
0000b848  _coreGetInstructionFault_           
0000b850  _coreClearInstructionFault_         
0000b85c  _coreGetDataFaultAddress_           
0000b864  _coreClearDataFaultAddress_         
0000b870  _coreGetInstructionFaultAddress_    
0000b878  _coreClearInstructionFaultAddress_  
0000b884  _coreGetAuxiliaryDataFault_         
0000b88c  _coreClearAuxiliaryDataFault_       
0000b898  _coreGetAuxiliaryInstructionFault_  
0000b8a0  _coreClearAuxiliaryInstructionFault_
0000b8ac  _disable_IRQ_interrupt_             
0000b8b4  _enable_IRQ_interrupt_              
0000b8bc  _enable_interrupt_                  
0000b8c4  _esmCcmErrorsClear_                 
0000b94c  _memInit_                           
0000b980  _checkMemInitOn_                    
0000b9a0  _cacheEnable_                       
0000b9e4  _cacheDisable_                      
0000ba08  _dCacheInvalidate_                  
0000ba1c  _iCacheInvalidate_                  
0000ba30  __TI_PINIT_Base                     
0000ba34  __TI_PINIT_Limit                    
0000ba38  _mpuInit_                           
0000bcf0  _mpuEnable_                         
0000bd08  _mpuDisable_                        
0000bd20  _mpuEnableBackgroundRegion_         
0000bd30  _mpuDisableBackgroundRegion_        
0000bd40  _mpuGetNumberOfRegions_             
0000bd4c  _mpuAreRegionsSeparate_             
0000bd58  _mpuSetRegion_                      
0000bd60  _mpuGetRegion_                      
0000bd68  _mpuSetRegionBaseAddress_           
0000bd70  _mpuGetRegionBaseAddress_           
0000bd78  _mpuSetRegionTypeAndPermission_     
0000bd84  _mpuGetRegionType_                  
0000bd90  _mpuGetRegionPermission_            
0000bd9c  _mpuSetRegionSizeRegister_          
0000bda4  vimECCErrorHandler                  
0000c358  vListInitialise                     
0000c3b0  vListInitialiseItem                 
0000c3cc  vListInsertEnd                      
0000c440  vListInsert                         
0000c504  uxListRemove                        
0000c590  __aeabi_memcpy                      
0000c590  __aeabi_memcpy4                     
0000c590  __aeabi_memcpy8                     
0000c590  memcpy                              
0000c710  esmHighInterrupt                    
0000c964  xTaskNotifyStateClear               
0000cb18  _c_int00                            
0000cbf0  esmGroup1Notification               
0000cc04  esmGroup2Notification               
0000cc18  esmGroup3Notification               
0000cc28  dmaGroupANotification               
0000cc3c  gioNotification                     
0000cc50  pwmNotification                     
0000cc68  edgeNotification                    
0000cc7c  hetNotification                     
0000cc90  epcCAMFullNotification              
0000cc94  epcFIFOFullNotification             
0000cca4  __aeabi_memclr                      
0000cca4  __aeabi_memclr4                     
0000cca4  __aeabi_memclr8                     
0000cca8  __aeabi_memset                      
0000cca8  __aeabi_memset4                     
0000cca8  __aeabi_memset8                     
0000ccb4  memset                              
0000cd54  __TI_decompress_lzss                
0000cde4  __TI_auto_init_nobinit_nopinit      
0000ce4c  __aeabi_uidiv                       
0000ce4c  __aeabi_uidivmod                    
0000ce9c  main                                
0000cebc  strlen                              
0000cedc  __TI_decompress_none                
0000cef0  __TI_zero_init                      
0000cf00  C$$EXIT                             
0000cf00  abort                               
0000cf08  handlePLLLockFail                   
0000cf0c  phantomInterrupt                    
0000cf10  __aeabi_idiv0                       
0000cf10  __aeabi_ldiv0                       
080008d0  pxCurrentTCB                        
08001000  __start___llvm_prf_cnts             
08001000  __stop___llvm_prf_cnts              
08003010  ulCriticalNesting                   
08003014  ulTaskHasFPUContext                 
ffffffff  __TI_pprof_out_hndl                 
ffffffff  __TI_prof_data_size                 
ffffffff  __TI_prof_data_start                
ffffffff  __binit__                           
ffffffff  __c_args__                          
ffffffff  binit                               
UNDEFED   SHT$$INIT_ARRAY$$Base               
UNDEFED   SHT$$INIT_ARRAY$$Limit              
UNDEFED   _system_post_cinit                  

[235 symbols]
